[INFO] Scanning for projects...
[INFO] 
[INFO] ----------------------< com.bankapp:banking-app >-----------------------
[INFO] Building banking-app 0.0.1-SNAPSHOT
[INFO]   from pom.xml
[INFO] --------------------------------[ jar ]---------------------------------
[INFO] 
[INFO] --- resources:3.3.1:resources (default-resources) @ banking-app ---
[INFO] Copying 1 resource from src\main\resources to target\classes
[INFO] Copying 5 resources from src\main\resources to target\classes
[INFO] 
[INFO] --- compiler:3.14.1:compile (default-compile) @ banking-app ---
[INFO] Recompiling the module because of changed source code.
[INFO] Compiling 118 source files with javac [debug parameters release 17] to target\classes
[INFO] -------------------------------------------------------------
[ERROR] COMPILATION ERROR : 
[INFO] -------------------------------------------------------------
[ERROR] /C:/Users/Admin/Desktop/Backend Java/banking-app/src/main/java/com/bankapp/bankingapp/application/service/TransactionServiceImpl.java:[60,18] cannot find symbol
  symbol:   method isValidPin(java.lang.String,org.springframework.security.crypto.password.PasswordEncoder)
  location: variable user of type com.bankapp.bankingapp.domain.model.User
[INFO] 1 error
[INFO] -------------------------------------------------------------
[INFO] ------------------------------------------------------------------------
[INFO] BUILD FAILURE
[INFO] ------------------------------------------------------------------------
[INFO] Total time:  3.606 s
[INFO] Finished at: 2026-04-07T15:36:31+07:00
[INFO] ------------------------------------------------------------------------
[ERROR] Failed to execute goal org.apache.maven.plugins:maven-compiler-plugin:3.14.1:compile (default-compile) on project banking-app: Compilation failure
[ERROR] /C:/Users/Admin/Desktop/Backend Java/banking-app/src/main/java/com/bankapp/bankingapp/application/service/TransactionServiceImpl.java:[60,18] cannot find symbol
[ERROR]   symbol:   method isValidPin(java.lang.String,org.springframework.security.crypto.password.PasswordEncoder)
[ERROR]   location: variable user of type com.bankapp.bankingapp.domain.model.User
[ERROR] 
[ERROR] -> [Help 1]
[ERROR] 
[ERROR] To see the full stack trace of the errors, re-run Maven with the -e switch.
[ERROR] Re-run Maven using the -X switch to enable full debug logging.
[ERROR] 
[ERROR] For more information about the errors and possible solutions, please read the following articles:
[ERROR] [Help 1] http://cwiki.apache.org/confluence/display/MAVEN/MojoFailureException
